[10:29:02] [INFO] 窗口句柄: 788304, 进程ID: 24636
[10:29:02] [ERROR] 连接进程失败: Could not open process: 24636
[10:29:27] [INFO] 窗口句柄: 788304, 进程ID: 24636
[10:29:27] [ERROR] 连接进程失败: Could not open process: 24636
[10:30:23] [INFO] 窗口句柄: 788304, 进程ID: 24636
[10:30:23] [INFO] 已连接到进程: 24636
[10:30:23] [INFO] 模块基址: 0x7FF776D50000
[10:30:23] [INFO] 结构体基址(坐标X): 0x7FF7781EB350
[10:31:50] [INFO] 窗口句柄: 788304, 进程ID: 24636
[10:31:50] [INFO] 已连接到进程: 24636
[10:31:50] [INFO] 模块基址: 0x7FF776D50000
[10:31:50] [INFO] 结构体基址(坐标X): 0x7FF7781EB350
[10:32:21] [INFO] 窗口句柄: 788304, 进程ID: 24636
[10:32:21] [INFO] 已连接到进程: 24636
[10:32:21] [INFO] 模块基址: 0x7FF776D50000
[10:32:21] [INFO] 结构体基址(坐标X): 0x7FF7781EB350
[10:32:47] [INFO] 窗口句柄: 788304, 进程ID: 24636
[10:32:47] [INFO] 已连接到进程: 24636
[10:32:47] [INFO] 模块基址: 0x7FF776D50000
[10:32:47] [INFO] 结构体基址(坐标X): 0x7FF7781EB350
